Archive member included to satisfy reference by file (symbol)

/usr/lib/gcc/avr/7.3.0/avr5/libgcc.a(_mulsi3.o)
                              CMakeFiles/My_Project_default_default_AVR_GCC_compile.dir/home/irfan/develop/AVR_bare_metal/project_01/main.c.o (__mulsi3)
/usr/lib/gcc/avr/7.3.0/avr5/libgcc.a(_exit.o)
                              /usr/lib/gcc/avr/7.3.0/../../../avr/lib/avr5/crtatmega328p.o (exit)
/usr/lib/gcc/avr/7.3.0/avr5/libgcc.a(_copy_data.o)
                              CMakeFiles/My_Project_default_default_AVR_GCC_compile.dir/home/irfan/develop/AVR_bare_metal/lesson_02/main.c.o (__do_copy_data)
/usr/lib/gcc/avr/7.3.0/avr5/libgcc.a(_clear_bss.o)
                              CMakeFiles/My_Project_default_default_AVR_GCC_compile.dir/home/irfan/develop/AVR_bare_metal/lesson_09/main.c.o (__do_clear_bss)
/usr/lib/gcc/avr/7.3.0/avr5/libgcc.a(_umulhisi3.o)
                              CMakeFiles/My_Project_default_default_AVR_GCC_compile.dir/home/irfan/develop/AVR_bare_metal/lesson_09/main.c.o (__umulhisi3)
/usr/lib/gcc/avr/7.3.0/avr5/libgcc.a(_muluhisi3.o)
                              /usr/lib/gcc/avr/7.3.0/avr5/libgcc.a(_mulsi3.o) (__muluhisi3)

Allocating common symbols
Common symbol       size              file

b                   0x2               CMakeFiles/My_Project_default_default_AVR_GCC_compile.dir/home/irfan/develop/AVR_bare_metal/lesson_09/main.c.o
first_digit         0x2               CMakeFiles/My_Project_default_default_AVR_GCC_compile.dir/home/irfan/develop/AVR_bare_metal/lesson_09/main.c.o
second_digit        0x2               CMakeFiles/My_Project_default_default_AVR_GCC_compile.dir/home/irfan/develop/AVR_bare_metal/lesson_09/main.c.o
f                   0x2               CMakeFiles/My_Project_default_default_AVR_GCC_compile.dir/home/irfan/develop/AVR_bare_metal/lesson_09/main.c.o
third_digit         0x2               CMakeFiles/My_Project_default_default_AVR_GCC_compile.dir/home/irfan/develop/AVR_bare_metal/lesson_09/main.c.o
fourth_digit        0x2               CMakeFiles/My_Project_default_default_AVR_GCC_compile.dir/home/irfan/develop/AVR_bare_metal/lesson_09/main.c.o
fifth_digit         0x2               CMakeFiles/My_Project_default_default_AVR_GCC_compile.dir/home/irfan/develop/AVR_bare_metal/lesson_09/main.c.o
c                   0x2               CMakeFiles/My_Project_default_default_AVR_GCC_compile.dir/home/irfan/develop/AVR_bare_metal/lesson_09/main.c.o
data                0x1               CMakeFiles/My_Project_default_default_AVR_GCC_compile.dir/home/irfan/develop/AVR_bare_metal/lesson_13/main.c.o
d                   0x2               CMakeFiles/My_Project_default_default_AVR_GCC_compile.dir/home/irfan/develop/AVR_bare_metal/lesson_09/main.c.o
a                   0x2               CMakeFiles/My_Project_default_default_AVR_GCC_compile.dir/home/irfan/develop/AVR_bare_metal/lesson_09/main.c.o
e                   0x2               CMakeFiles/My_Project_default_default_AVR_GCC_compile.dir/home/irfan/develop/AVR_bare_metal/lesson_09/main.c.o

Discarded input sections

 .data          0x0000000000000000        0x0 /usr/lib/gcc/avr/7.3.0/../../../avr/lib/avr5/crtatmega328p.o
 .bss           0x0000000000000000        0x0 /usr/lib/gcc/avr/7.3.0/../../../avr/lib/avr5/crtatmega328p.o
 .text          0x0000000000000000        0x0 CMakeFiles/My_Project_default_default_AVR_GCC_compile.dir/home/irfan/develop/AVR_bare_metal/lesson_01/main.c.o
 .data          0x0000000000000000        0x0 CMakeFiles/My_Project_default_default_AVR_GCC_compile.dir/home/irfan/develop/AVR_bare_metal/lesson_01/main.c.o
 .bss           0x0000000000000000        0x0 CMakeFiles/My_Project_default_default_AVR_GCC_compile.dir/home/irfan/develop/AVR_bare_metal/lesson_01/main.c.o
 .text          0x0000000000000000        0x0 CMakeFiles/My_Project_default_default_AVR_GCC_compile.dir/home/irfan/develop/AVR_bare_metal/lesson_02/main.c.o
 .data          0x0000000000000000        0x0 CMakeFiles/My_Project_default_default_AVR_GCC_compile.dir/home/irfan/develop/AVR_bare_metal/lesson_02/main.c.o
 .bss           0x0000000000000000        0x0 CMakeFiles/My_Project_default_default_AVR_GCC_compile.dir/home/irfan/develop/AVR_bare_metal/lesson_02/main.c.o
 .rodata        0x0000000000000000        0xa CMakeFiles/My_Project_default_default_AVR_GCC_compile.dir/home/irfan/develop/AVR_bare_metal/lesson_02/main.c.o
 .text.main     0x0000000000000000       0x52 CMakeFiles/My_Project_default_default_AVR_GCC_compile.dir/home/irfan/develop/AVR_bare_metal/lesson_02/main.c.o
 .debug_info    0x0000000000000000      0x13d CMakeFiles/My_Project_default_default_AVR_GCC_compile.dir/home/irfan/develop/AVR_bare_metal/lesson_02/main.c.o
 .debug_abbrev  0x0000000000000000       0xf2 CMakeFiles/My_Project_default_default_AVR_GCC_compile.dir/home/irfan/develop/AVR_bare_metal/lesson_02/main.c.o
 .debug_loc     0x0000000000000000       0xd9 CMakeFiles/My_Project_default_default_AVR_GCC_compile.dir/home/irfan/develop/AVR_bare_metal/lesson_02/main.c.o
 .debug_aranges
                0x0000000000000000       0x20 CMakeFiles/My_Project_default_default_AVR_GCC_compile.dir/home/irfan/develop/AVR_bare_metal/lesson_02/main.c.o
 .debug_ranges  0x0000000000000000       0x10 CMakeFiles/My_Project_default_default_AVR_GCC_compile.dir/home/irfan/develop/AVR_bare_metal/lesson_02/main.c.o
 .debug_line    0x0000000000000000       0xd7 CMakeFiles/My_Project_default_default_AVR_GCC_compile.dir/home/irfan/develop/AVR_bare_metal/lesson_02/main.c.o
 .debug_str     0x0000000000000000      0x1e1 CMakeFiles/My_Project_default_default_AVR_GCC_compile.dir/home/irfan/develop/AVR_bare_metal/lesson_02/main.c.o
 .comment       0x0000000000000000       0x12 CMakeFiles/My_Project_default_default_AVR_GCC_compile.dir/home/irfan/develop/AVR_bare_metal/lesson_02/main.c.o
 .debug_frame   0x0000000000000000       0x34 CMakeFiles/My_Project_default_default_AVR_GCC_compile.dir/home/irfan/develop/AVR_bare_metal/lesson_02/main.c.o
 .text          0x0000000000000000        0x0 CMakeFiles/My_Project_default_default_AVR_GCC_compile.dir/home/irfan/develop/AVR_bare_metal/lesson_03/main.c.o
 .data          0x0000000000000000        0x0 CMakeFiles/My_Project_default_default_AVR_GCC_compile.dir/home/irfan/develop/AVR_bare_metal/lesson_03/main.c.o
 .bss           0x0000000000000000        0x0 CMakeFiles/My_Project_default_default_AVR_GCC_compile.dir/home/irfan/develop/AVR_bare_metal/lesson_03/main.c.o
 .text.main     0x0000000000000000       0x10 CMakeFiles/My_Project_default_default_AVR_GCC_compile.dir/home/irfan/develop/AVR_bare_metal/lesson_03/main.c.o
 .debug_info    0x0000000000000000       0x87 CMakeFiles/My_Project_default_default_AVR_GCC_compile.dir/home/irfan/develop/AVR_bare_metal/lesson_03/main.c.o
 .debug_abbrev  0x0000000000000000       0x53 CMakeFiles/My_Project_default_default_AVR_GCC_compile.dir/home/irfan/develop/AVR_bare_metal/lesson_03/main.c.o
 .debug_aranges
                0x0000000000000000       0x20 CMakeFiles/My_Project_default_default_AVR_GCC_compile.dir/home/irfan/develop/AVR_bare_metal/lesson_03/main.c.o
 .debug_ranges  0x0000000000000000       0x10 CMakeFiles/My_Project_default_default_AVR_GCC_compile.dir/home/irfan/develop/AVR_bare_metal/lesson_03/main.c.o
 .debug_line    0x0000000000000000       0xa0 CMakeFiles/My_Project_default_default_AVR_GCC_compile.dir/home/irfan/develop/AVR_bare_metal/lesson_03/main.c.o
 .debug_str     0x0000000000000000      0x18e CMakeFiles/My_Project_default_default_AVR_GCC_compile.dir/home/irfan/develop/AVR_bare_metal/lesson_03/main.c.o
 .comment       0x0000000000000000       0x12 CMakeFiles/My_Project_default_default_AVR_GCC_compile.dir/home/irfan/develop/AVR_bare_metal/lesson_03/main.c.o
 .debug_frame   0x0000000000000000       0x24 CMakeFiles/My_Project_default_default_AVR_GCC_compile.dir/home/irfan/develop/AVR_bare_metal/lesson_03/main.c.o
 .text          0x0000000000000000        0x0 CMakeFiles/My_Project_default_default_AVR_GCC_compile.dir/home/irfan/develop/AVR_bare_metal/lesson_04/main.c.o
 .data          0x0000000000000000        0x0 CMakeFiles/My_Project_default_default_AVR_GCC_compile.dir/home/irfan/develop/AVR_bare_metal/lesson_04/main.c.o
 .bss           0x0000000000000000        0x0 CMakeFiles/My_Project_default_default_AVR_GCC_compile.dir/home/irfan/develop/AVR_bare_metal/lesson_04/main.c.o
 .text.lcd_data
                0x0000000000000000       0x18 CMakeFiles/My_Project_default_default_AVR_GCC_compile.dir/home/irfan/develop/AVR_bare_metal/lesson_04/main.c.o
 .text.lcd_cmd  0x0000000000000000       0x18 CMakeFiles/My_Project_default_default_AVR_GCC_compile.dir/home/irfan/develop/AVR_bare_metal/lesson_04/main.c.o
 .text.lcd_string
                0x0000000000000000       0x30 CMakeFiles/My_Project_default_default_AVR_GCC_compile.dir/home/irfan/develop/AVR_bare_metal/lesson_04/main.c.o
 .text.lcd_initiaise
                0x0000000000000000       0x1a CMakeFiles/My_Project_default_default_AVR_GCC_compile.dir/home/irfan/develop/AVR_bare_metal/lesson_04/main.c.o
 .rodata.main.str1.1
                0x0000000000000000        0xf CMakeFiles/My_Project_default_default_AVR_GCC_compile.dir/home/irfan/develop/AVR_bare_metal/lesson_04/main.c.o
 .text.main     0x0000000000000000       0x30 CMakeFiles/My_Project_default_default_AVR_GCC_compile.dir/home/irfan/develop/AVR_bare_metal/lesson_04/main.c.o
 .debug_info    0x0000000000000000      0x2d8 CMakeFiles/My_Project_default_default_AVR_GCC_compile.dir/home/irfan/develop/AVR_bare_metal/lesson_04/main.c.o
 .debug_abbrev  0x0000000000000000      0x17a CMakeFiles/My_Project_default_default_AVR_GCC_compile.dir/home/irfan/develop/AVR_bare_metal/lesson_04/main.c.o
 .debug_loc     0x0000000000000000      0x1b6 CMakeFiles/My_Project_default_default_AVR_GCC_compile.dir/home/irfan/develop/AVR_bare_metal/lesson_04/main.c.o
 .debug_aranges
                0x0000000000000000       0x40 CMakeFiles/My_Project_default_default_AVR_GCC_compile.dir/home/irfan/develop/AVR_bare_metal/lesson_04/main.c.o
 .debug_ranges  0x0000000000000000       0x30 CMakeFiles/My_Project_default_default_AVR_GCC_compile.dir/home/irfan/develop/AVR_bare_metal/lesson_04/main.c.o
 .debug_line    0x0000000000000000      0x1bf CMakeFiles/My_Project_default_default_AVR_GCC_compile.dir/home/irfan/develop/AVR_bare_metal/lesson_04/main.c.o
 .debug_str     0x0000000000000000      0x21c CMakeFiles/My_Project_default_default_AVR_GCC_compile.dir/home/irfan/develop/AVR_bare_metal/lesson_04/main.c.o
 .comment       0x0000000000000000       0x12 CMakeFiles/My_Project_default_default_AVR_GCC_compile.dir/home/irfan/develop/AVR_bare_metal/lesson_04/main.c.o
 .debug_frame   0x0000000000000000       0x78 CMakeFiles/My_Project_default_default_AVR_GCC_compile.dir/home/irfan/develop/AVR_bare_metal/lesson_04/main.c.o
 .text          0x0000000000000000        0x0 CMakeFiles/My_Project_default_default_AVR_GCC_compile.dir/home/irfan/develop/AVR_bare_metal/lesson_05/main.c.o
 .data          0x0000000000000000        0x0 CMakeFiles/My_Project_default_default_AVR_GCC_compile.dir/home/irfan/develop/AVR_bare_metal/lesson_05/main.c.o
 .bss           0x0000000000000000        0x0 CMakeFiles/My_Project_default_default_AVR_GCC_compile.dir/home/irfan/develop/AVR_bare_metal/lesson_05/main.c.o
 .text.lcd_data
                0x0000000000000000       0x3a CMakeFiles/My_Project_default_default_AVR_GCC_compile.dir/home/irfan/develop/AVR_bare_metal/lesson_05/main.c.o
 .text.lcd_cmd  0x0000000000000000       0x3a CMakeFiles/My_Project_default_default_AVR_GCC_compile.dir/home/irfan/develop/AVR_bare_metal/lesson_05/main.c.o
 .text.lcd_string
                0x0000000000000000       0x30 CMakeFiles/My_Project_default_default_AVR_GCC_compile.dir/home/irfan/develop/AVR_bare_metal/lesson_05/main.c.o
 .text.lcd_initiaise
                0x0000000000000000       0x38 CMakeFiles/My_Project_default_default_AVR_GCC_compile.dir/home/irfan/develop/AVR_bare_metal/lesson_05/main.c.o
 .rodata.main.str1.1
                0x0000000000000000        0xf CMakeFiles/My_Project_default_default_AVR_GCC_compile.dir/home/irfan/develop/AVR_bare_metal/lesson_05/main.c.o
 .text.main     0x0000000000000000       0x30 CMakeFiles/My_Project_default_default_AVR_GCC_compile.dir/home/irfan/develop/AVR_bare_metal/lesson_05/main.c.o
 .debug_info    0x0000000000000000      0x3ab CMakeFiles/My_Project_default_default_AVR_GCC_compile.dir/home/irfan/develop/AVR_bare_metal/lesson_05/main.c.o
 .debug_abbrev  0x0000000000000000      0x18b CMakeFiles/My_Project_default_default_AVR_GCC_compile.dir/home/irfan/develop/AVR_bare_metal/lesson_05/main.c.o
 .debug_loc     0x0000000000000000      0x292 CMakeFiles/My_Project_default_default_AVR_GCC_compile.dir/home/irfan/develop/AVR_bare_metal/lesson_05/main.c.o
 .debug_aranges
                0x0000000000000000       0x40 CMakeFiles/My_Project_default_default_AVR_GCC_compile.dir/home/irfan/develop/AVR_bare_metal/lesson_05/main.c.o
 .debug_ranges  0x0000000000000000       0x30 CMakeFiles/My_Project_default_default_AVR_GCC_compile.dir/home/irfan/develop/AVR_bare_metal/lesson_05/main.c.o
 .debug_line    0x0000000000000000      0x22c CMakeFiles/My_Project_default_default_AVR_GCC_compile.dir/home/irfan/develop/AVR_bare_metal/lesson_05/main.c.o
 .debug_str     0x0000000000000000      0x21c CMakeFiles/My_Project_default_default_AVR_GCC_compile.dir/home/irfan/develop/AVR_bare_metal/lesson_05/main.c.o
 .comment       0x0000000000000000       0x12 CMakeFiles/My_Project_default_default_AVR_GCC_compile.dir/home/irfan/develop/AVR_bare_metal/lesson_05/main.c.o
 .debug_frame   0x0000000000000000       0x78 CMakeFiles/My_Project_default_default_AVR_GCC_compile.dir/home/irfan/develop/AVR_bare_metal/lesson_05/main.c.o
 .text          0x0000000000000000        0x0 CMakeFiles/My_Project_default_default_AVR_GCC_compile.dir/home/irfan/develop/AVR_bare_metal/lesson_06/main.c.o
 .data          0x0000000000000000        0x0 CMakeFiles/My_Project_default_default_AVR_GCC_compile.dir/home/irfan/develop/AVR_bare_metal/lesson_06/main.c.o
 .bss           0x0000000000000000        0x0 CMakeFiles/My_Project_default_default_AVR_GCC_compile.dir/home/irfan/develop/AVR_bare_metal/lesson_06/main.c.o
 .text.main     0x0000000000000000       0x2c CMakeFiles/My_Project_default_default_AVR_GCC_compile.dir/home/irfan/develop/AVR_bare_metal/lesson_06/main.c.o
 .debug_info    0x0000000000000000      0x14d CMakeFiles/My_Project_default_default_AVR_GCC_compile.dir/home/irfan/develop/AVR_bare_metal/lesson_06/main.c.o
 .debug_abbrev  0x0000000000000000       0xee CMakeFiles/My_Project_default_default_AVR_GCC_compile.dir/home/irfan/develop/AVR_bare_metal/lesson_06/main.c.o
 .debug_loc     0x0000000000000000       0x48 CMakeFiles/My_Project_default_default_AVR_GCC_compile.dir/home/irfan/develop/AVR_bare_metal/lesson_06/main.c.o
 .debug_aranges
                0x0000000000000000       0x20 CMakeFiles/My_Project_default_default_AVR_GCC_compile.dir/home/irfan/develop/AVR_bare_metal/lesson_06/main.c.o
 .debug_ranges  0x0000000000000000       0x10 CMakeFiles/My_Project_default_default_AVR_GCC_compile.dir/home/irfan/develop/AVR_bare_metal/lesson_06/main.c.o
 .debug_line    0x0000000000000000       0xdc CMakeFiles/My_Project_default_default_AVR_GCC_compile.dir/home/irfan/develop/AVR_bare_metal/lesson_06/main.c.o
 .debug_str     0x0000000000000000      0x1d9 CMakeFiles/My_Project_default_default_AVR_GCC_compile.dir/home/irfan/develop/AVR_bare_metal/lesson_06/main.c.o
 .comment       0x0000000000000000       0x12 CMakeFiles/My_Project_default_default_AVR_GCC_compile.dir/home/irfan/develop/AVR_bare_metal/lesson_06/main.c.o
 .debug_frame   0x0000000000000000       0x24 CMakeFiles/My_Project_default_default_AVR_GCC_compile.dir/home/irfan/develop/AVR_bare_metal/lesson_06/main.c.o
 .text          0x0000000000000000        0x0 CMakeFiles/My_Project_default_default_AVR_GCC_compile.dir/home/irfan/develop/AVR_bare_metal/lesson_07/main.c.o
 .data          0x0000000000000000        0x0 CMakeFiles/My_Project_default_default_AVR_GCC_compile.dir/home/irfan/develop/AVR_bare_metal/lesson_07/main.c.o
 .bss           0x0000000000000000        0x0 CMakeFiles/My_Project_default_default_AVR_GCC_compile.dir/home/irfan/develop/AVR_bare_metal/lesson_07/main.c.o
 .text.main     0x0000000000000000       0x22 CMakeFiles/My_Project_default_default_AVR_GCC_compile.dir/home/irfan/develop/AVR_bare_metal/lesson_07/main.c.o
 .text          0x0000000000000000        0x0 CMakeFiles/My_Project_default_default_AVR_GCC_compile.dir/home/irfan/develop/AVR_bare_metal/lesson_08/main.c.o
 .data          0x0000000000000000        0x0 CMakeFiles/My_Project_default_default_AVR_GCC_compile.dir/home/irfan/develop/AVR_bare_metal/lesson_08/main.c.o
 .bss           0x0000000000000000        0x0 CMakeFiles/My_Project_default_default_AVR_GCC_compile.dir/home/irfan/develop/AVR_bare_metal/lesson_08/main.c.o
 .text.main     0x0000000000000000       0x2c CMakeFiles/My_Project_default_default_AVR_GCC_compile.dir/home/irfan/develop/AVR_bare_metal/lesson_08/main.c.o
 .text          0x0000000000000000        0x0 CMakeFiles/My_Project_default_default_AVR_GCC_compile.dir/home/irfan/develop/AVR_bare_metal/lesson_09/main.c.o
 .data          0x0000000000000000        0x0 CMakeFiles/My_Project_default_default_AVR_GCC_compile.dir/home/irfan/develop/AVR_bare_metal/lesson_09/main.c.o
 .bss           0x0000000000000000        0x0 CMakeFiles/My_Project_default_default_AVR_GCC_compile.dir/home/irfan/develop/AVR_bare_metal/lesson_09/main.c.o
 .text.lcd_data
                0x0000000000000000       0x30 CMakeFiles/My_Project_default_default_AVR_GCC_compile.dir/home/irfan/develop/AVR_bare_metal/lesson_09/main.c.o
 .text.lcd_cmd  0x0000000000000000       0x30 CMakeFiles/My_Project_default_default_AVR_GCC_compile.dir/home/irfan/develop/AVR_bare_metal/lesson_09/main.c.o
 .text.lcd_string
                0x0000000000000000       0x30 CMakeFiles/My_Project_default_default_AVR_GCC_compile.dir/home/irfan/develop/AVR_bare_metal/lesson_09/main.c.o
 .text.lcd_initialize
                0x0000000000000000       0x38 CMakeFiles/My_Project_default_default_AVR_GCC_compile.dir/home/irfan/develop/AVR_bare_metal/lesson_09/main.c.o
 .rodata.main.str1.1
                0x0000000000000000       0x10 CMakeFiles/My_Project_default_default_AVR_GCC_compile.dir/home/irfan/develop/AVR_bare_metal/lesson_09/main.c.o
 .text.main     0x0000000000000000      0x228 CMakeFiles/My_Project_default_default_AVR_GCC_compile.dir/home/irfan/develop/AVR_bare_metal/lesson_09/main.c.o
 COMMON         0x0000000000000000       0x16 CMakeFiles/My_Project_default_default_AVR_GCC_compile.dir/home/irfan/develop/AVR_bare_metal/lesson_09/main.c.o
 .text          0x0000000000000000        0x0 CMakeFiles/My_Project_default_default_AVR_GCC_compile.dir/home/irfan/develop/AVR_bare_metal/lesson_10/main.c.o
 .data          0x0000000000000000        0x0 CMakeFiles/My_Project_default_default_AVR_GCC_compile.dir/home/irfan/develop/AVR_bare_metal/lesson_10/main.c.o
 .bss           0x0000000000000000        0x0 CMakeFiles/My_Project_default_default_AVR_GCC_compile.dir/home/irfan/develop/AVR_bare_metal/lesson_10/main.c.o
 .text.main     0x0000000000000000       0x50 CMakeFiles/My_Project_default_default_AVR_GCC_compile.dir/home/irfan/develop/AVR_bare_metal/lesson_10/main.c.o
 .text          0x0000000000000000        0x0 CMakeFiles/My_Project_default_default_AVR_GCC_compile.dir/home/irfan/develop/AVR_bare_metal/lesson_11/main.c.o
 .data          0x0000000000000000        0x0 CMakeFiles/My_Project_default_default_AVR_GCC_compile.dir/home/irfan/develop/AVR_bare_metal/lesson_11/main.c.o
 .bss           0x0000000000000000        0x0 CMakeFiles/My_Project_default_default_AVR_GCC_compile.dir/home/irfan/develop/AVR_bare_metal/lesson_11/main.c.o
 .text.main     0x0000000000000000       0x90 CMakeFiles/My_Project_default_default_AVR_GCC_compile.dir/home/irfan/develop/AVR_bare_metal/lesson_11/main.c.o
 .debug_info    0x0000000000000000      0x1fd CMakeFiles/My_Project_default_default_AVR_GCC_compile.dir/home/irfan/develop/AVR_bare_metal/lesson_11/main.c.o
 .debug_abbrev  0x0000000000000000       0xf6 CMakeFiles/My_Project_default_default_AVR_GCC_compile.dir/home/irfan/develop/AVR_bare_metal/lesson_11/main.c.o
 .debug_loc     0x0000000000000000      0x198 CMakeFiles/My_Project_default_default_AVR_GCC_compile.dir/home/irfan/develop/AVR_bare_metal/lesson_11/main.c.o
 .debug_aranges
                0x0000000000000000       0x20 CMakeFiles/My_Project_default_default_AVR_GCC_compile.dir/home/irfan/develop/AVR_bare_metal/lesson_11/main.c.o
 .debug_ranges  0x0000000000000000       0x28 CMakeFiles/My_Project_default_default_AVR_GCC_compile.dir/home/irfan/develop/AVR_bare_metal/lesson_11/main.c.o
 .debug_line    0x0000000000000000      0x143 CMakeFiles/My_Project_default_default_AVR_GCC_compile.dir/home/irfan/develop/AVR_bare_metal/lesson_11/main.c.o
 .debug_str     0x0000000000000000      0x1ea CMakeFiles/My_Project_default_default_AVR_GCC_compile.dir/home/irfan/develop/AVR_bare_metal/lesson_11/main.c.o
 .comment       0x0000000000000000       0x12 CMakeFiles/My_Project_default_default_AVR_GCC_compile.dir/home/irfan/develop/AVR_bare_metal/lesson_11/main.c.o
 .debug_frame   0x0000000000000000       0x24 CMakeFiles/My_Project_default_default_AVR_GCC_compile.dir/home/irfan/develop/AVR_bare_metal/lesson_11/main.c.o
 .text          0x0000000000000000        0x0 CMakeFiles/My_Project_default_default_AVR_GCC_compile.dir/home/irfan/develop/AVR_bare_metal/lesson_12/main.c.o
 .data          0x0000000000000000        0x0 CMakeFiles/My_Project_default_default_AVR_GCC_compile.dir/home/irfan/develop/AVR_bare_metal/lesson_12/main.c.o
 .bss           0x0000000000000000        0x0 CMakeFiles/My_Project_default_default_AVR_GCC_compile.dir/home/irfan/develop/AVR_bare_metal/lesson_12/main.c.o
 .text.main     0x0000000000000000       0x5e CMakeFiles/My_Project_default_default_AVR_GCC_compile.dir/home/irfan/develop/AVR_bare_metal/lesson_12/main.c.o
 .text          0x0000000000000000        0x0 CMakeFiles/My_Project_default_default_AVR_GCC_compile.dir/home/irfan/develop/AVR_bare_metal/lesson_13/main.c.o
 .data          0x0000000000000000        0x0 CMakeFiles/My_Project_default_default_AVR_GCC_compile.dir/home/irfan/develop/AVR_bare_metal/lesson_13/main.c.o
 .bss           0x0000000000000000        0x0 CMakeFiles/My_Project_default_default_AVR_GCC_compile.dir/home/irfan/develop/AVR_bare_metal/lesson_13/main.c.o
 .text.main     0x0000000000000000       0x4c CMakeFiles/My_Project_default_default_AVR_GCC_compile.dir/home/irfan/develop/AVR_bare_metal/lesson_13/main.c.o
 .text          0x0000000000000000        0x0 CMakeFiles/My_Project_default_default_AVR_GCC_compile.dir/home/irfan/develop/AVR_bare_metal/lesson_14/main.c.o
 .data          0x0000000000000000        0x0 CMakeFiles/My_Project_default_default_AVR_GCC_compile.dir/home/irfan/develop/AVR_bare_metal/lesson_14/main.c.o
 .bss           0x0000000000000000        0x0 CMakeFiles/My_Project_default_default_AVR_GCC_compile.dir/home/irfan/develop/AVR_bare_metal/lesson_14/main.c.o
 .text.main     0x0000000000000000        0x2 CMakeFiles/My_Project_default_default_AVR_GCC_compile.dir/home/irfan/develop/AVR_bare_metal/lesson_14/main.c.o
 .debug_info    0x0000000000000000       0x7c CMakeFiles/My_Project_default_default_AVR_GCC_compile.dir/home/irfan/develop/AVR_bare_metal/lesson_14/main.c.o
 .debug_abbrev  0x0000000000000000       0x46 CMakeFiles/My_Project_default_default_AVR_GCC_compile.dir/home/irfan/develop/AVR_bare_metal/lesson_14/main.c.o
 .debug_aranges
                0x0000000000000000       0x20 CMakeFiles/My_Project_default_default_AVR_GCC_compile.dir/home/irfan/develop/AVR_bare_metal/lesson_14/main.c.o
 .debug_ranges  0x0000000000000000       0x10 CMakeFiles/My_Project_default_default_AVR_GCC_compile.dir/home/irfan/develop/AVR_bare_metal/lesson_14/main.c.o
 .debug_line    0x0000000000000000       0x61 CMakeFiles/My_Project_default_default_AVR_GCC_compile.dir/home/irfan/develop/AVR_bare_metal/lesson_14/main.c.o
 .debug_str     0x0000000000000000      0x186 CMakeFiles/My_Project_default_default_AVR_GCC_compile.dir/home/irfan/develop/AVR_bare_metal/lesson_14/main.c.o
 .comment       0x0000000000000000       0x12 CMakeFiles/My_Project_default_default_AVR_GCC_compile.dir/home/irfan/develop/AVR_bare_metal/lesson_14/main.c.o
 .debug_frame   0x0000000000000000       0x24 CMakeFiles/My_Project_default_default_AVR_GCC_compile.dir/home/irfan/develop/AVR_bare_metal/lesson_14/main.c.o
 .text          0x0000000000000000        0x0 CMakeFiles/My_Project_default_default_AVR_GCC_compile.dir/home/irfan/develop/AVR_bare_metal/main.c.o
 .data          0x0000000000000000        0x0 CMakeFiles/My_Project_default_default_AVR_GCC_compile.dir/home/irfan/develop/AVR_bare_metal/main.c.o
 .bss           0x0000000000000000        0x0 CMakeFiles/My_Project_default_default_AVR_GCC_compile.dir/home/irfan/develop/AVR_bare_metal/main.c.o
 .text.main     0x0000000000000000        0x6 CMakeFiles/My_Project_default_default_AVR_GCC_compile.dir/home/irfan/develop/AVR_bare_metal/main.c.o
 .debug_info    0x0000000000000000       0x4a CMakeFiles/My_Project_default_default_AVR_GCC_compile.dir/home/irfan/develop/AVR_bare_metal/main.c.o
 .debug_abbrev  0x0000000000000000       0x39 CMakeFiles/My_Project_default_default_AVR_GCC_compile.dir/home/irfan/develop/AVR_bare_metal/main.c.o
 .debug_aranges
                0x0000000000000000       0x20 CMakeFiles/My_Project_default_default_AVR_GCC_compile.dir/home/irfan/develop/AVR_bare_metal/main.c.o
 .debug_ranges  0x0000000000000000       0x10 CMakeFiles/My_Project_default_default_AVR_GCC_compile.dir/home/irfan/develop/AVR_bare_metal/main.c.o
 .debug_line    0x0000000000000000       0x5b CMakeFiles/My_Project_default_default_AVR_GCC_compile.dir/home/irfan/develop/AVR_bare_metal/main.c.o
 .debug_str     0x0000000000000000      0x115 CMakeFiles/My_Project_default_default_AVR_GCC_compile.dir/home/irfan/develop/AVR_bare_metal/main.c.o
 .comment       0x0000000000000000       0x12 CMakeFiles/My_Project_default_default_AVR_GCC_compile.dir/home/irfan/develop/AVR_bare_metal/main.c.o
 .debug_frame   0x0000000000000000       0x24 CMakeFiles/My_Project_default_default_AVR_GCC_compile.dir/home/irfan/develop/AVR_bare_metal/main.c.o
 .text          0x0000000000000000        0x0 CMakeFiles/My_Project_default_default_AVR_GCC_compile.dir/home/irfan/develop/AVR_bare_metal/project_01/main.c.o
 .data          0x0000000000000000        0x0 CMakeFiles/My_Project_default_default_AVR_GCC_compile.dir/home/irfan/develop/AVR_bare_metal/project_01/main.c.o
 .bss           0x0000000000000000        0x0 CMakeFiles/My_Project_default_default_AVR_GCC_compile.dir/home/irfan/develop/AVR_bare_metal/project_01/main.c.o
 .text.main     0x0000000000000000       0x6a CMakeFiles/My_Project_default_default_AVR_GCC_compile.dir/home/irfan/develop/AVR_bare_metal/project_01/main.c.o
 .data.seed.1627
                0x0000000000000000        0x4 CMakeFiles/My_Project_default_default_AVR_GCC_compile.dir/home/irfan/develop/AVR_bare_metal/project_01/main.c.o
 .debug_info    0x0000000000000000      0x130 CMakeFiles/My_Project_default_default_AVR_GCC_compile.dir/home/irfan/develop/AVR_bare_metal/project_01/main.c.o
 .debug_abbrev  0x0000000000000000       0xe7 CMakeFiles/My_Project_default_default_AVR_GCC_compile.dir/home/irfan/develop/AVR_bare_metal/project_01/main.c.o
 .debug_aranges
                0x0000000000000000       0x20 CMakeFiles/My_Project_default_default_AVR_GCC_compile.dir/home/irfan/develop/AVR_bare_metal/project_01/main.c.o
 .debug_ranges  0x0000000000000000       0x10 CMakeFiles/My_Project_default_default_AVR_GCC_compile.dir/home/irfan/develop/AVR_bare_metal/project_01/main.c.o
 .debug_line    0x0000000000000000       0xdd CMakeFiles/My_Project_default_default_AVR_GCC_compile.dir/home/irfan/develop/AVR_bare_metal/project_01/main.c.o
 .debug_str     0x0000000000000000      0x1e9 CMakeFiles/My_Project_default_default_AVR_GCC_compile.dir/home/irfan/develop/AVR_bare_metal/project_01/main.c.o
 .comment       0x0000000000000000       0x12 CMakeFiles/My_Project_default_default_AVR_GCC_compile.dir/home/irfan/develop/AVR_bare_metal/project_01/main.c.o
 .debug_frame   0x0000000000000000       0x24 CMakeFiles/My_Project_default_default_AVR_GCC_compile.dir/home/irfan/develop/AVR_bare_metal/project_01/main.c.o
 .text          0x0000000000000000        0x0 CMakeFiles/My_Project_default_default_AVR_GCC_compile.dir/home/irfan/develop/AVR_bare_metal/project_02/main.c.o
 .data          0x0000000000000000        0x0 CMakeFiles/My_Project_default_default_AVR_GCC_compile.dir/home/irfan/develop/AVR_bare_metal/project_02/main.c.o
 .bss           0x0000000000000000        0x0 CMakeFiles/My_Project_default_default_AVR_GCC_compile.dir/home/irfan/develop/AVR_bare_metal/project_02/main.c.o
 .rodata        0x0000000000000000        0x9 CMakeFiles/My_Project_default_default_AVR_GCC_compile.dir/home/irfan/develop/AVR_bare_metal/project_02/main.c.o
 .text.main     0x0000000000000000       0x90 CMakeFiles/My_Project_default_default_AVR_GCC_compile.dir/home/irfan/develop/AVR_bare_metal/project_02/main.c.o
 .debug_info    0x0000000000000000      0x269 CMakeFiles/My_Project_default_default_AVR_GCC_compile.dir/home/irfan/develop/AVR_bare_metal/project_02/main.c.o
 .debug_abbrev  0x0000000000000000      0x14a CMakeFiles/My_Project_default_default_AVR_GCC_compile.dir/home/irfan/develop/AVR_bare_metal/project_02/main.c.o
 .debug_loc     0x0000000000000000      0x206 CMakeFiles/My_Project_default_default_AVR_GCC_compile.dir/home/irfan/develop/AVR_bare_metal/project_02/main.c.o
 .debug_aranges
                0x0000000000000000       0x20 CMakeFiles/My_Project_default_default_AVR_GCC_compile.dir/home/irfan/develop/AVR_bare_metal/project_02/main.c.o
 .debug_ranges  0x0000000000000000       0x10 CMakeFiles/My_Project_default_default_AVR_GCC_compile.dir/home/irfan/develop/AVR_bare_metal/project_02/main.c.o
 .debug_line    0x0000000000000000      0x11a CMakeFiles/My_Project_default_default_AVR_GCC_compile.dir/home/irfan/develop/AVR_bare_metal/project_02/main.c.o
 .debug_str     0x0000000000000000      0x207 CMakeFiles/My_Project_default_default_AVR_GCC_compile.dir/home/irfan/develop/AVR_bare_metal/project_02/main.c.o
 .comment       0x0000000000000000       0x12 CMakeFiles/My_Project_default_default_AVR_GCC_compile.dir/home/irfan/develop/AVR_bare_metal/project_02/main.c.o
 .debug_frame   0x0000000000000000       0x34 CMakeFiles/My_Project_default_default_AVR_GCC_compile.dir/home/irfan/develop/AVR_bare_metal/project_02/main.c.o
 .text          0x0000000000000000        0x0 /usr/lib/gcc/avr/7.3.0/avr5/libgcc.a(_mulsi3.o)
 .data          0x0000000000000000        0x0 /usr/lib/gcc/avr/7.3.0/avr5/libgcc.a(_mulsi3.o)
 .bss           0x0000000000000000        0x0 /usr/lib/gcc/avr/7.3.0/avr5/libgcc.a(_mulsi3.o)
 .text.libgcc.mul
                0x0000000000000000       0x20 /usr/lib/gcc/avr/7.3.0/avr5/libgcc.a(_mulsi3.o)
 .text.libgcc.div
                0x0000000000000000        0x0 /usr/lib/gcc/avr/7.3.0/avr5/libgcc.a(_mulsi3.o)
 .text.libgcc   0x0000000000000000        0x0 /usr/lib/gcc/avr/7.3.0/avr5/libgcc.a(_mulsi3.o)
 .text.libgcc.prologue
                0x0000000000000000        0x0 /usr/lib/gcc/avr/7.3.0/avr5/libgcc.a(_mulsi3.o)
 .text.libgcc.builtins
                0x0000000000000000        0x0 /usr/lib/gcc/avr/7.3.0/avr5/libgcc.a(_mulsi3.o)
 .text.libgcc.fmul
                0x0000000000000000        0x0 /usr/lib/gcc/avr/7.3.0/avr5/libgcc.a(_mulsi3.o)
 .text.libgcc.fixed
                0x0000000000000000        0x0 /usr/lib/gcc/avr/7.3.0/avr5/libgcc.a(_mulsi3.o)
 .text          0x0000000000000000        0x0 /usr/lib/gcc/avr/7.3.0/avr5/libgcc.a(_exit.o)
 .data          0x0000000000000000        0x0 /usr/lib/gcc/avr/7.3.0/avr5/libgcc.a(_exit.o)
 .bss           0x0000000000000000        0x0 /usr/lib/gcc/avr/7.3.0/avr5/libgcc.a(_exit.o)
 .text.libgcc.mul
                0x0000000000000000        0x0 /usr/lib/gcc/avr/7.3.0/avr5/libgcc.a(_exit.o)
 .text.libgcc.div
                0x0000000000000000        0x0 /usr/lib/gcc/avr/7.3.0/avr5/libgcc.a(_exit.o)
 .text.libgcc   0x0000000000000000        0x0 /usr/lib/gcc/avr/7.3.0/avr5/libgcc.a(_exit.o)
 .text.libgcc.prologue
                0x0000000000000000        0x0 /usr/lib/gcc/avr/7.3.0/avr5/libgcc.a(_exit.o)
 .text.libgcc.builtins
                0x0000000000000000        0x0 /usr/lib/gcc/avr/7.3.0/avr5/libgcc.a(_exit.o)
 .text.libgcc.fmul
                0x0000000000000000        0x0 /usr/lib/gcc/avr/7.3.0/avr5/libgcc.a(_exit.o)
 .text.libgcc.fixed
                0x0000000000000000        0x0 /usr/lib/gcc/avr/7.3.0/avr5/libgcc.a(_exit.o)
 .text          0x0000000000000000        0x0 /usr/lib/gcc/avr/7.3.0/avr5/libgcc.a(_copy_data.o)
 .data          0x0000000000000000        0x0 /usr/lib/gcc/avr/7.3.0/avr5/libgcc.a(_copy_data.o)
 .bss           0x0000000000000000        0x0 /usr/lib/gcc/avr/7.3.0/avr5/libgcc.a(_copy_data.o)
 .text.libgcc.mul
                0x0000000000000000        0x0 /usr/lib/gcc/avr/7.3.0/avr5/libgcc.a(_copy_data.o)
 .text.libgcc.div
                0x0000000000000000        0x0 /usr/lib/gcc/avr/7.3.0/avr5/libgcc.a(_copy_data.o)
 .text.libgcc   0x0000000000000000        0x0 /usr/lib/gcc/avr/7.3.0/avr5/libgcc.a(_copy_data.o)
 .text.libgcc.prologue
                0x0000000000000000        0x0 /usr/lib/gcc/avr/7.3.0/avr5/libgcc.a(_copy_data.o)
 .text.libgcc.builtins
                0x0000000000000000        0x0 /usr/lib/gcc/avr/7.3.0/avr5/libgcc.a(_copy_data.o)
 .text.libgcc.fmul
                0x0000000000000000        0x0 /usr/lib/gcc/avr/7.3.0/avr5/libgcc.a(_copy_data.o)
 .text.libgcc.fixed
                0x0000000000000000        0x0 /usr/lib/gcc/avr/7.3.0/avr5/libgcc.a(_copy_data.o)
 .text          0x0000000000000000        0x0 /usr/lib/gcc/avr/7.3.0/avr5/libgcc.a(_clear_bss.o)
 .data          0x0000000000000000        0x0 /usr/lib/gcc/avr/7.3.0/avr5/libgcc.a(_clear_bss.o)
 .bss           0x0000000000000000        0x0 /usr/lib/gcc/avr/7.3.0/avr5/libgcc.a(_clear_bss.o)
 .text.libgcc.mul
                0x0000000000000000        0x0 /usr/lib/gcc/avr/7.3.0/avr5/libgcc.a(_clear_bss.o)
 .text.libgcc.div
                0x0000000000000000        0x0 /usr/lib/gcc/avr/7.3.0/avr5/libgcc.a(_clear_bss.o)
 .text.libgcc   0x0000000000000000        0x0 /usr/lib/gcc/avr/7.3.0/avr5/libgcc.a(_clear_bss.o)
 .text.libgcc.prologue
                0x0000000000000000        0x0 /usr/lib/gcc/avr/7.3.0/avr5/libgcc.a(_clear_bss.o)
 .text.libgcc.builtins
                0x0000000000000000        0x0 /usr/lib/gcc/avr/7.3.0/avr5/libgcc.a(_clear_bss.o)
 .text.libgcc.fmul
                0x0000000000000000        0x0 /usr/lib/gcc/avr/7.3.0/avr5/libgcc.a(_clear_bss.o)
 .text.libgcc.fixed
                0x0000000000000000        0x0 /usr/lib/gcc/avr/7.3.0/avr5/libgcc.a(_clear_bss.o)
 .text          0x0000000000000000        0x0 /usr/lib/gcc/avr/7.3.0/avr5/libgcc.a(_umulhisi3.o)
 .data          0x0000000000000000        0x0 /usr/lib/gcc/avr/7.3.0/avr5/libgcc.a(_umulhisi3.o)
 .bss           0x0000000000000000        0x0 /usr/lib/gcc/avr/7.3.0/avr5/libgcc.a(_umulhisi3.o)
 .text.libgcc.mul
                0x0000000000000000       0x1e /usr/lib/gcc/avr/7.3.0/avr5/libgcc.a(_umulhisi3.o)
 .text.libgcc.div
                0x0000000000000000        0x0 /usr/lib/gcc/avr/7.3.0/avr5/libgcc.a(_umulhisi3.o)
 .text.libgcc   0x0000000000000000        0x0 /usr/lib/gcc/avr/7.3.0/avr5/libgcc.a(_umulhisi3.o)
 .text.libgcc.prologue
                0x0000000000000000        0x0 /usr/lib/gcc/avr/7.3.0/avr5/libgcc.a(_umulhisi3.o)
 .text.libgcc.builtins
                0x0000000000000000        0x0 /usr/lib/gcc/avr/7.3.0/avr5/libgcc.a(_umulhisi3.o)
 .text.libgcc.fmul
                0x0000000000000000        0x0 /usr/lib/gcc/avr/7.3.0/avr5/libgcc.a(_umulhisi3.o)
 .text.libgcc.fixed
                0x0000000000000000        0x0 /usr/lib/gcc/avr/7.3.0/avr5/libgcc.a(_umulhisi3.o)
 .text          0x0000000000000000        0x0 /usr/lib/gcc/avr/7.3.0/avr5/libgcc.a(_muluhisi3.o)
 .data          0x0000000000000000        0x0 /usr/lib/gcc/avr/7.3.0/avr5/libgcc.a(_muluhisi3.o)
 .bss           0x0000000000000000        0x0 /usr/lib/gcc/avr/7.3.0/avr5/libgcc.a(_muluhisi3.o)
 .text.libgcc.mul
                0x0000000000000000       0x16 /usr/lib/gcc/avr/7.3.0/avr5/libgcc.a(_muluhisi3.o)
 .text.libgcc.div
                0x0000000000000000        0x0 /usr/lib/gcc/avr/7.3.0/avr5/libgcc.a(_muluhisi3.o)
 .text.libgcc   0x0000000000000000        0x0 /usr/lib/gcc/avr/7.3.0/avr5/libgcc.a(_muluhisi3.o)
 .text.libgcc.prologue
                0x0000000000000000        0x0 /usr/lib/gcc/avr/7.3.0/avr5/libgcc.a(_muluhisi3.o)
 .text.libgcc.builtins
                0x0000000000000000        0x0 /usr/lib/gcc/avr/7.3.0/avr5/libgcc.a(_muluhisi3.o)
 .text.libgcc.fmul
                0x0000000000000000        0x0 /usr/lib/gcc/avr/7.3.0/avr5/libgcc.a(_muluhisi3.o)
 .text.libgcc.fixed
                0x0000000000000000        0x0 /usr/lib/gcc/avr/7.3.0/avr5/libgcc.a(_muluhisi3.o)

Memory Configuration

Name             Origin             Length             Attributes
text             0x0000000000000000 0x0000000000008000 xr
data             0x0000000000800100 0x0000000000000800 rw !x
eeprom           0x0000000000810000 0x0000000000000400 rw !x
fuse             0x0000000000820000 0x0000000000000003 rw !x
lock             0x0000000000830000 0x0000000000000400 rw !x
signature        0x0000000000840000 0x0000000000000400 rw !x
user_signatures  0x0000000000850000 0x0000000000000400 rw !x
*default*        0x0000000000000000 0xffffffffffffffff

Linker script and memory map

Address of section .data set to 0x800100
LOAD /usr/lib/gcc/avr/7.3.0/../../../avr/lib/avr5/crtatmega328p.o
                0x0000000000000001                __MPLAB_BUILD = 0x1
LOAD CMakeFiles/My_Project_default_default_AVR_GCC_compile.dir/home/irfan/develop/AVR_bare_metal/lesson_01/main.c.o
LOAD CMakeFiles/My_Project_default_default_AVR_GCC_compile.dir/home/irfan/develop/AVR_bare_metal/lesson_02/main.c.o
LOAD CMakeFiles/My_Project_default_default_AVR_GCC_compile.dir/home/irfan/develop/AVR_bare_metal/lesson_03/main.c.o
LOAD CMakeFiles/My_Project_default_default_AVR_GCC_compile.dir/home/irfan/develop/AVR_bare_metal/lesson_04/main.c.o
LOAD CMakeFiles/My_Project_default_default_AVR_GCC_compile.dir/home/irfan/develop/AVR_bare_metal/lesson_05/main.c.o
LOAD CMakeFiles/My_Project_default_default_AVR_GCC_compile.dir/home/irfan/develop/AVR_bare_metal/lesson_06/main.c.o
LOAD CMakeFiles/My_Project_default_default_AVR_GCC_compile.dir/home/irfan/develop/AVR_bare_metal/lesson_07/main.c.o
LOAD CMakeFiles/My_Project_default_default_AVR_GCC_compile.dir/home/irfan/develop/AVR_bare_metal/lesson_08/main.c.o
LOAD CMakeFiles/My_Project_default_default_AVR_GCC_compile.dir/home/irfan/develop/AVR_bare_metal/lesson_09/main.c.o
LOAD CMakeFiles/My_Project_default_default_AVR_GCC_compile.dir/home/irfan/develop/AVR_bare_metal/lesson_10/main.c.o
LOAD CMakeFiles/My_Project_default_default_AVR_GCC_compile.dir/home/irfan/develop/AVR_bare_metal/lesson_11/main.c.o
LOAD CMakeFiles/My_Project_default_default_AVR_GCC_compile.dir/home/irfan/develop/AVR_bare_metal/lesson_12/main.c.o
LOAD CMakeFiles/My_Project_default_default_AVR_GCC_compile.dir/home/irfan/develop/AVR_bare_metal/lesson_13/main.c.o
LOAD CMakeFiles/My_Project_default_default_AVR_GCC_compile.dir/home/irfan/develop/AVR_bare_metal/lesson_14/main.c.o
LOAD CMakeFiles/My_Project_default_default_AVR_GCC_compile.dir/home/irfan/develop/AVR_bare_metal/main.c.o
LOAD CMakeFiles/My_Project_default_default_AVR_GCC_compile.dir/home/irfan/develop/AVR_bare_metal/project_01/main.c.o
LOAD CMakeFiles/My_Project_default_default_AVR_GCC_compile.dir/home/irfan/develop/AVR_bare_metal/project_02/main.c.o
START GROUP
LOAD /usr/lib/gcc/avr/7.3.0/avr5/libgcc.a
LOAD /usr/lib/gcc/avr/7.3.0/../../../avr/lib/avr5/libm.a
LOAD /usr/lib/gcc/avr/7.3.0/../../../avr/lib/avr5/libc.a
LOAD /usr/lib/gcc/avr/7.3.0/../../../avr/lib/avr5/libatmega328p.a
END GROUP
                0x0000000000000000                __TEXT_REGION_ORIGIN__ = DEFINED (__TEXT_REGION_ORIGIN__)?__TEXT_REGION_ORIGIN__:0x0
                [0x0000000000800100]                __DATA_REGION_ORIGIN__ = DEFINED (__DATA_REGION_ORIGIN__)?__DATA_REGION_ORIGIN__:0x800060
                [0x0000000000008000]                __TEXT_REGION_LENGTH__ = DEFINED (__TEXT_REGION_LENGTH__)?__TEXT_REGION_LENGTH__:0x20000
                [0x0000000000000800]                __DATA_REGION_LENGTH__ = DEFINED (__DATA_REGION_LENGTH__)?__DATA_REGION_LENGTH__:0xffa0
                [0x0000000000000400]                __EEPROM_REGION_LENGTH__ = DEFINED (__EEPROM_REGION_LENGTH__)?__EEPROM_REGION_LENGTH__:0x10000
                [0x0000000000000003]                __FUSE_REGION_LENGTH__ = DEFINED (__FUSE_REGION_LENGTH__)?__FUSE_REGION_LENGTH__:0x400
                0x0000000000000400                __LOCK_REGION_LENGTH__ = DEFINED (__LOCK_REGION_LENGTH__)?__LOCK_REGION_LENGTH__:0x400
                0x0000000000000400                __SIGNATURE_REGION_LENGTH__ = DEFINED (__SIGNATURE_REGION_LENGTH__)?__SIGNATURE_REGION_LENGTH__:0x400
                0x0000000000000400                __USER_SIGNATURE_REGION_LENGTH__ = DEFINED (__USER_SIGNATURE_REGION_LENGTH__)?__USER_SIGNATURE_REGION_LENGTH__:0x400

.hash
 *(.hash)

.dynsym
 *(.dynsym)

.dynstr
 *(.dynstr)

.gnu.version
 *(.gnu.version)

.gnu.version_d
 *(.gnu.version_d)

.gnu.version_r
 *(.gnu.version_r)

.rel.init
 *(.rel.init)

.rela.init
 *(.rela.init)

.rel.text
 *(.rel.text)
 *(.rel.text.*)
 *(.rel.gnu.linkonce.t*)

.rela.text
 *(.rela.text)
 *(.rela.text.*)
 *(.rela.gnu.linkonce.t*)

.rel.fini
 *(.rel.fini)

.rela.fini
 *(.rela.fini)

.rel.rodata
 *(.rel.rodata)
 *(.rel.rodata.*)
 *(.rel.gnu.linkonce.r*)

.rela.rodata
 *(.rela.rodata)
 *(.rela.rodata.*)
 *(.rela.gnu.linkonce.r*)

.rel.data
 *(.rel.data)
 *(.rel.data.*)
 *(.rel.gnu.linkonce.d*)

.rela.data
 *(.rela.data)
 *(.rela.data.*)
 *(.rela.gnu.linkonce.d*)

.rel.ctors
 *(.rel.ctors)

.rela.ctors
 *(.rela.ctors)

.rel.dtors
 *(.rel.dtors)

.rela.dtors
 *(.rela.dtors)

.rel.got
 *(.rel.got)

.rela.got
 *(.rela.got)

.rel.bss
 *(.rel.bss)

.rela.bss
 *(.rela.bss)

.rel.plt
 *(.rel.plt)

.rela.plt
 *(.rela.plt)

.text           0x0000000000000000      0x1f4
 *(.vectors)
 .vectors       0x0000000000000000       0x68 /usr/lib/gcc/avr/7.3.0/../../../avr/lib/avr5/crtatmega328p.o
                0x0000000000000000                __vectors
                0x0000000000000000                __vector_default
 *(.vectors)
 *(.progmem.gcc*)
                0x0000000000000068                . = ALIGN (0x2)
                0x0000000000000068                __trampolines_start = .
 *(.trampolines)
 .trampolines   0x0000000000000068        0x0 linker stubs
 *(.trampolines*)
                0x0000000000000068                __trampolines_end = .
 *libprintf_flt.a:*(.progmem.data)
 *libc.a:*(.progmem.data)
 *(.progmem*)
                0x0000000000000068                . = ALIGN (0x2)
 *(.jumptables)
 *(.jumptables*)
 *(.lowtext)
 *(.lowtext*)
                0x0000000000000068                __ctors_start = .
 *(.ctors)
                0x0000000000000068                __ctors_end = .
                0x0000000000000068                __dtors_start = .
 *(.dtors)
                0x0000000000000068                __dtors_end = .
 SORT(*)(.ctors)
 SORT(*)(.dtors)
 *(.init0)
 .init0         0x0000000000000068        0x0 /usr/lib/gcc/avr/7.3.0/../../../avr/lib/avr5/crtatmega328p.o
                0x0000000000000068                __init
 *(.init0)
 *(.init1)
 *(.init1)
 *(.init2)
 .init2         0x0000000000000068        0xc /usr/lib/gcc/avr/7.3.0/../../../avr/lib/avr5/crtatmega328p.o
 *(.init2)
 *(.init3)
 *(.init3)
 *(.init4)
 .init4         0x0000000000000074       0x16 /usr/lib/gcc/avr/7.3.0/avr5/libgcc.a(_copy_data.o)
                0x0000000000000074                __do_copy_data
 .init4         0x000000000000008a       0x10 /usr/lib/gcc/avr/7.3.0/avr5/libgcc.a(_clear_bss.o)
                0x000000000000008a                __do_clear_bss
 *(.init4)
 *(.init5)
 *(.init5)
 *(.init6)
 *(.init6)
 *(.init7)
 *(.init7)
 *(.init8)
 *(.init8)
 *(.init9)
 .init9         0x000000000000009a        0x8 /usr/lib/gcc/avr/7.3.0/../../../avr/lib/avr5/crtatmega328p.o
 *(.init9)
 *(.text)
 .text          0x00000000000000a2        0x4 /usr/lib/gcc/avr/7.3.0/../../../avr/lib/avr5/crtatmega328p.o
                0x00000000000000a2                __vector_22
                0x00000000000000a2                __vector_24
                0x00000000000000a2                __vector_12
                0x00000000000000a2                __bad_interrupt
                0x00000000000000a2                __vector_6
                0x00000000000000a2                __vector_3
                0x00000000000000a2                __vector_23
                0x00000000000000a2                __vector_25
                0x00000000000000a2                __vector_17
                0x00000000000000a2                __vector_19
                0x00000000000000a2                __vector_7
                0x00000000000000a2                __vector_5
                0x00000000000000a2                __vector_4
                0x00000000000000a2                __vector_9
                0x00000000000000a2                __vector_15
                0x00000000000000a2                __vector_8
                0x00000000000000a2                __vector_14
                0x00000000000000a2                __vector_16
                0x00000000000000a2                __vector_20
                0x00000000000000a6                . = ALIGN (0x2)
 *(.text.*)
 .text.main     0x00000000000000a6       0x2c CMakeFiles/My_Project_default_default_AVR_GCC_compile.dir/home/irfan/develop/AVR_bare_metal/lesson_01/main.c.o
                0x00000000000000a6                main
 .text.__vector_1
                0x00000000000000d2       0x16 CMakeFiles/My_Project_default_default_AVR_GCC_compile.dir/home/irfan/develop/AVR_bare_metal/lesson_07/main.c.o
                0x00000000000000d2                __vector_1
 .text.__vector_2
                0x00000000000000e8       0x16 CMakeFiles/My_Project_default_default_AVR_GCC_compile.dir/home/irfan/develop/AVR_bare_metal/lesson_07/main.c.o
                0x00000000000000e8                __vector_2
 .text.__vector_13
                0x00000000000000fe       0x30 CMakeFiles/My_Project_default_default_AVR_GCC_compile.dir/home/irfan/develop/AVR_bare_metal/lesson_08/main.c.o
                0x00000000000000fe                __vector_13
 .text.__vector_10
                0x000000000000012e       0x2c CMakeFiles/My_Project_default_default_AVR_GCC_compile.dir/home/irfan/develop/AVR_bare_metal/lesson_09/main.c.o
                0x000000000000012e                __vector_10
 .text.__vector_11
                0x000000000000015a       0x30 CMakeFiles/My_Project_default_default_AVR_GCC_compile.dir/home/irfan/develop/AVR_bare_metal/lesson_10/main.c.o
                0x000000000000015a                __vector_11
 .text.__vector_21
                0x000000000000018a       0x2c CMakeFiles/My_Project_default_default_AVR_GCC_compile.dir/home/irfan/develop/AVR_bare_metal/lesson_12/main.c.o
                0x000000000000018a                __vector_21
 .text.__vector_18
                0x00000000000001b6       0x3a CMakeFiles/My_Project_default_default_AVR_GCC_compile.dir/home/irfan/develop/AVR_bare_metal/lesson_13/main.c.o
                0x00000000000001b6                __vector_18
                0x00000000000001f0                . = ALIGN (0x2)
 *(.fini9)
 .fini9         0x00000000000001f0        0x0 /usr/lib/gcc/avr/7.3.0/avr5/libgcc.a(_exit.o)
                0x00000000000001f0                exit
                0x00000000000001f0                _exit
 *(.fini9)
 *(.fini8)
 *(.fini8)
 *(.fini7)
 *(.fini7)
 *(.fini6)
 *(.fini6)
 *(.fini5)
 *(.fini5)
 *(.fini4)
 *(.fini4)
 *(.fini3)
 *(.fini3)
 *(.fini2)
 *(.fini2)
 *(.fini1)
 *(.fini1)
 *(.fini0)
 .fini0         0x00000000000001f0        0x4 /usr/lib/gcc/avr/7.3.0/avr5/libgcc.a(_exit.o)
 *(.fini0)
                0x00000000000001f4                _etext = .

.data           0x0000000000800100        0x0 load address 0x00000000000001f4
                0x0000000000800100                PROVIDE (__data_start, .)
 *(.data)
 *(.data*)
 *(.gnu.linkonce.d*)
 *(.rodata)
 *(.rodata*)
 *(.gnu.linkonce.r*)
                0x0000000000800100                . = ALIGN (0x2)
                0x0000000000800100                _edata = .
                0x0000000000800100                PROVIDE (__data_end, .)

.bss            0x0000000000800100        0x3
                0x0000000000800100                PROVIDE (__bss_start, .)
 *(.bss)
 *(.bss*)
 .bss.captured  0x0000000000800100        0x2 CMakeFiles/My_Project_default_default_AVR_GCC_compile.dir/home/irfan/develop/AVR_bare_metal/lesson_09/main.c.o
                0x0000000000800100                captured
 *(COMMON)
 COMMON         0x0000000000800102        0x1 CMakeFiles/My_Project_default_default_AVR_GCC_compile.dir/home/irfan/develop/AVR_bare_metal/lesson_13/main.c.o
                0x0000000000800102                data
                0x0000000000800103                PROVIDE (__bss_end, .)
                0x00000000000001f4                __data_load_start = LOADADDR (.data)
                0x00000000000001f4                __data_load_end = (__data_load_start + SIZEOF (.data))

.noinit         0x0000000000800103        0x0
                [!provide]                        PROVIDE (__noinit_start, .)
 *(.noinit*)
                [!provide]                        PROVIDE (__noinit_end, .)
                0x0000000000800103                _end = .
                [!provide]                        PROVIDE (__heap_start, .)

.eeprom         0x0000000000810000        0x0
 *(.eeprom*)
                0x0000000000810000                __eeprom_end = .

.fuse
 *(.fuse)
 *(.lfuse)
 *(.hfuse)
 *(.efuse)

.lock
 *(.lock*)

.signature
 *(.signature*)

.user_signatures
 *(.user_signatures*)

.stab
 *(.stab)

.stabstr
 *(.stabstr)

.stab.excl
 *(.stab.excl)

.stab.exclstr
 *(.stab.exclstr)

.stab.index
 *(.stab.index)

.stab.indexstr
 *(.stab.indexstr)

.comment        0x0000000000000000       0x11
 *(.comment)
 .comment       0x0000000000000000       0x11 CMakeFiles/My_Project_default_default_AVR_GCC_compile.dir/home/irfan/develop/AVR_bare_metal/lesson_01/main.c.o
                                         0x12 (size before relaxing)
 .comment       0x0000000000000011       0x12 CMakeFiles/My_Project_default_default_AVR_GCC_compile.dir/home/irfan/develop/AVR_bare_metal/lesson_07/main.c.o
 .comment       0x0000000000000011       0x12 CMakeFiles/My_Project_default_default_AVR_GCC_compile.dir/home/irfan/develop/AVR_bare_metal/lesson_08/main.c.o
 .comment       0x0000000000000011       0x12 CMakeFiles/My_Project_default_default_AVR_GCC_compile.dir/home/irfan/develop/AVR_bare_metal/lesson_09/main.c.o
 .comment       0x0000000000000011       0x12 CMakeFiles/My_Project_default_default_AVR_GCC_compile.dir/home/irfan/develop/AVR_bare_metal/lesson_10/main.c.o
 .comment       0x0000000000000011       0x12 CMakeFiles/My_Project_default_default_AVR_GCC_compile.dir/home/irfan/develop/AVR_bare_metal/lesson_12/main.c.o
 .comment       0x0000000000000011       0x12 CMakeFiles/My_Project_default_default_AVR_GCC_compile.dir/home/irfan/develop/AVR_bare_metal/lesson_13/main.c.o

.note.gnu.avr.deviceinfo
                0x0000000000000000       0x40
 .note.gnu.avr.deviceinfo
                0x0000000000000000       0x40 /usr/lib/gcc/avr/7.3.0/../../../avr/lib/avr5/crtatmega328p.o

.note.gnu.build-id
 *(.note.gnu.build-id)

.debug
 *(.debug)

.line
 *(.line)

.debug_srcinfo
 *(.debug_srcinfo)

.debug_sfnames
 *(.debug_sfnames)

.debug_aranges  0x0000000000000000      0x138
 *(.debug_aranges)
 .debug_aranges
                0x0000000000000000       0x20 CMakeFiles/My_Project_default_default_AVR_GCC_compile.dir/home/irfan/develop/AVR_bare_metal/lesson_01/main.c.o
 .debug_aranges
                0x0000000000000020       0x30 CMakeFiles/My_Project_default_default_AVR_GCC_compile.dir/home/irfan/develop/AVR_bare_metal/lesson_07/main.c.o
 .debug_aranges
                0x0000000000000050       0x28 CMakeFiles/My_Project_default_default_AVR_GCC_compile.dir/home/irfan/develop/AVR_bare_metal/lesson_08/main.c.o
 .debug_aranges
                0x0000000000000078       0x48 CMakeFiles/My_Project_default_default_AVR_GCC_compile.dir/home/irfan/develop/AVR_bare_metal/lesson_09/main.c.o
 .debug_aranges
                0x00000000000000c0       0x28 CMakeFiles/My_Project_default_default_AVR_GCC_compile.dir/home/irfan/develop/AVR_bare_metal/lesson_10/main.c.o
 .debug_aranges
                0x00000000000000e8       0x28 CMakeFiles/My_Project_default_default_AVR_GCC_compile.dir/home/irfan/develop/AVR_bare_metal/lesson_12/main.c.o
 .debug_aranges
                0x0000000000000110       0x28 CMakeFiles/My_Project_default_default_AVR_GCC_compile.dir/home/irfan/develop/AVR_bare_metal/lesson_13/main.c.o

.debug_pubnames
 *(.debug_pubnames)

.debug_info     0x0000000000000000      0xf49
 *(.debug_info .gnu.linkonce.wi.*)
 .debug_info    0x0000000000000000      0x5f4 /usr/lib/gcc/avr/7.3.0/../../../avr/lib/avr5/crtatmega328p.o
 .debug_info    0x00000000000005f4      0x14d CMakeFiles/My_Project_default_default_AVR_GCC_compile.dir/home/irfan/develop/AVR_bare_metal/lesson_01/main.c.o
 .debug_info    0x0000000000000741       0xb3 CMakeFiles/My_Project_default_default_AVR_GCC_compile.dir/home/irfan/develop/AVR_bare_metal/lesson_07/main.c.o
 .debug_info    0x00000000000007f4       0xa8 CMakeFiles/My_Project_default_default_AVR_GCC_compile.dir/home/irfan/develop/AVR_bare_metal/lesson_08/main.c.o
 .debug_info    0x000000000000089c      0x4ae CMakeFiles/My_Project_default_default_AVR_GCC_compile.dir/home/irfan/develop/AVR_bare_metal/lesson_09/main.c.o
 .debug_info    0x0000000000000d4a       0xa8 CMakeFiles/My_Project_default_default_AVR_GCC_compile.dir/home/irfan/develop/AVR_bare_metal/lesson_10/main.c.o
 .debug_info    0x0000000000000df2       0xa8 CMakeFiles/My_Project_default_default_AVR_GCC_compile.dir/home/irfan/develop/AVR_bare_metal/lesson_12/main.c.o
 .debug_info    0x0000000000000e9a       0xaf CMakeFiles/My_Project_default_default_AVR_GCC_compile.dir/home/irfan/develop/AVR_bare_metal/lesson_13/main.c.o

.debug_abbrev   0x0000000000000000      0xa6c
 *(.debug_abbrev)
 .debug_abbrev  0x0000000000000000      0x5a2 /usr/lib/gcc/avr/7.3.0/../../../avr/lib/avr5/crtatmega328p.o
 .debug_abbrev  0x00000000000005a2       0xee CMakeFiles/My_Project_default_default_AVR_GCC_compile.dir/home/irfan/develop/AVR_bare_metal/lesson_01/main.c.o
 .debug_abbrev  0x0000000000000690       0x6b CMakeFiles/My_Project_default_default_AVR_GCC_compile.dir/home/irfan/develop/AVR_bare_metal/lesson_07/main.c.o
 .debug_abbrev  0x00000000000006fb       0x6b CMakeFiles/My_Project_default_default_AVR_GCC_compile.dir/home/irfan/develop/AVR_bare_metal/lesson_08/main.c.o
 .debug_abbrev  0x0000000000000766      0x1b4 CMakeFiles/My_Project_default_default_AVR_GCC_compile.dir/home/irfan/develop/AVR_bare_metal/lesson_09/main.c.o
 .debug_abbrev  0x000000000000091a       0x6b CMakeFiles/My_Project_default_default_AVR_GCC_compile.dir/home/irfan/develop/AVR_bare_metal/lesson_10/main.c.o
 .debug_abbrev  0x0000000000000985       0x6b CMakeFiles/My_Project_default_default_AVR_GCC_compile.dir/home/irfan/develop/AVR_bare_metal/lesson_12/main.c.o
 .debug_abbrev  0x00000000000009f0       0x7c CMakeFiles/My_Project_default_default_AVR_GCC_compile.dir/home/irfan/develop/AVR_bare_metal/lesson_13/main.c.o

.debug_line     0x0000000000000000      0x88a
 *(.debug_line .debug_line.* .debug_line_end)
 .debug_line    0x0000000000000000       0x1a /usr/lib/gcc/avr/7.3.0/../../../avr/lib/avr5/crtatmega328p.o
 .debug_line    0x000000000000001a       0xde CMakeFiles/My_Project_default_default_AVR_GCC_compile.dir/home/irfan/develop/AVR_bare_metal/lesson_01/main.c.o
 .debug_line    0x00000000000000f8       0xde CMakeFiles/My_Project_default_default_AVR_GCC_compile.dir/home/irfan/develop/AVR_bare_metal/lesson_07/main.c.o
 .debug_line    0x00000000000001d6       0xce CMakeFiles/My_Project_default_default_AVR_GCC_compile.dir/home/irfan/develop/AVR_bare_metal/lesson_08/main.c.o
 .debug_line    0x00000000000002a4      0x302 CMakeFiles/My_Project_default_default_AVR_GCC_compile.dir/home/irfan/develop/AVR_bare_metal/lesson_09/main.c.o
 .debug_line    0x00000000000005a6       0xe6 CMakeFiles/My_Project_default_default_AVR_GCC_compile.dir/home/irfan/develop/AVR_bare_metal/lesson_10/main.c.o
 .debug_line    0x000000000000068c       0xf9 CMakeFiles/My_Project_default_default_AVR_GCC_compile.dir/home/irfan/develop/AVR_bare_metal/lesson_12/main.c.o
 .debug_line    0x0000000000000785      0x105 CMakeFiles/My_Project_default_default_AVR_GCC_compile.dir/home/irfan/develop/AVR_bare_metal/lesson_13/main.c.o

.debug_frame    0x0000000000000000      0x248
 *(.debug_frame)
 .debug_frame   0x0000000000000000       0x24 CMakeFiles/My_Project_default_default_AVR_GCC_compile.dir/home/irfan/develop/AVR_bare_metal/lesson_01/main.c.o
 .debug_frame   0x0000000000000024       0x5c CMakeFiles/My_Project_default_default_AVR_GCC_compile.dir/home/irfan/develop/AVR_bare_metal/lesson_07/main.c.o
 .debug_frame   0x0000000000000080       0x48 CMakeFiles/My_Project_default_default_AVR_GCC_compile.dir/home/irfan/develop/AVR_bare_metal/lesson_08/main.c.o
 .debug_frame   0x00000000000000c8       0x9c CMakeFiles/My_Project_default_default_AVR_GCC_compile.dir/home/irfan/develop/AVR_bare_metal/lesson_09/main.c.o
 .debug_frame   0x0000000000000164       0x48 CMakeFiles/My_Project_default_default_AVR_GCC_compile.dir/home/irfan/develop/AVR_bare_metal/lesson_10/main.c.o
 .debug_frame   0x00000000000001ac       0x48 CMakeFiles/My_Project_default_default_AVR_GCC_compile.dir/home/irfan/develop/AVR_bare_metal/lesson_12/main.c.o
 .debug_frame   0x00000000000001f4       0x54 CMakeFiles/My_Project_default_default_AVR_GCC_compile.dir/home/irfan/develop/AVR_bare_metal/lesson_13/main.c.o

.debug_str      0x0000000000000000      0x5c1
 *(.debug_str)
 .debug_str     0x0000000000000000      0x208 /usr/lib/gcc/avr/7.3.0/../../../avr/lib/avr5/crtatmega328p.o
 .debug_str     0x0000000000000208      0x1a5 CMakeFiles/My_Project_default_default_AVR_GCC_compile.dir/home/irfan/develop/AVR_bare_metal/lesson_01/main.c.o
                                        0x1d9 (size before relaxing)
 .debug_str     0x00000000000003ad       0x4a CMakeFiles/My_Project_default_default_AVR_GCC_compile.dir/home/irfan/develop/AVR_bare_metal/lesson_07/main.c.o
                                        0x1a4 (size before relaxing)
 .debug_str     0x00000000000003f7       0x49 CMakeFiles/My_Project_default_default_AVR_GCC_compile.dir/home/irfan/develop/AVR_bare_metal/lesson_08/main.c.o
                                        0x1a3 (size before relaxing)
 .debug_str     0x0000000000000440       0xc1 CMakeFiles/My_Project_default_default_AVR_GCC_compile.dir/home/irfan/develop/AVR_bare_metal/lesson_09/main.c.o
                                        0x279 (size before relaxing)
 .debug_str     0x0000000000000501       0x40 CMakeFiles/My_Project_default_default_AVR_GCC_compile.dir/home/irfan/develop/AVR_bare_metal/lesson_10/main.c.o
                                        0x1a3 (size before relaxing)
 .debug_str     0x0000000000000541       0x40 CMakeFiles/My_Project_default_default_AVR_GCC_compile.dir/home/irfan/develop/AVR_bare_metal/lesson_12/main.c.o
                                        0x1a3 (size before relaxing)
 .debug_str     0x0000000000000581       0x40 CMakeFiles/My_Project_default_default_AVR_GCC_compile.dir/home/irfan/develop/AVR_bare_metal/lesson_13/main.c.o
                                        0x19f (size before relaxing)

.debug_loc      0x0000000000000000      0x4bf
 *(.debug_loc)
 .debug_loc     0x0000000000000000       0x48 CMakeFiles/My_Project_default_default_AVR_GCC_compile.dir/home/irfan/develop/AVR_bare_metal/lesson_01/main.c.o
 .debug_loc     0x0000000000000048       0x5e CMakeFiles/My_Project_default_default_AVR_GCC_compile.dir/home/irfan/develop/AVR_bare_metal/lesson_07/main.c.o
 .debug_loc     0x00000000000000a6       0x49 CMakeFiles/My_Project_default_default_AVR_GCC_compile.dir/home/irfan/develop/AVR_bare_metal/lesson_08/main.c.o
 .debug_loc     0x00000000000000ef      0x2db CMakeFiles/My_Project_default_default_AVR_GCC_compile.dir/home/irfan/develop/AVR_bare_metal/lesson_09/main.c.o
 .debug_loc     0x00000000000003ca       0x49 CMakeFiles/My_Project_default_default_AVR_GCC_compile.dir/home/irfan/develop/AVR_bare_metal/lesson_10/main.c.o
 .debug_loc     0x0000000000000413       0x49 CMakeFiles/My_Project_default_default_AVR_GCC_compile.dir/home/irfan/develop/AVR_bare_metal/lesson_12/main.c.o
 .debug_loc     0x000000000000045c       0x63 CMakeFiles/My_Project_default_default_AVR_GCC_compile.dir/home/irfan/develop/AVR_bare_metal/lesson_13/main.c.o

.debug_macinfo
 *(.debug_macinfo)

.debug_weaknames
 *(.debug_weaknames)

.debug_funcnames
 *(.debug_funcnames)

.debug_typenames
 *(.debug_typenames)

.debug_varnames
 *(.debug_varnames)

.debug_pubtypes
 *(.debug_pubtypes)

.debug_ranges   0x0000000000000000       0xc8
 *(.debug_ranges)
 .debug_ranges  0x0000000000000000       0x10 CMakeFiles/My_Project_default_default_AVR_GCC_compile.dir/home/irfan/develop/AVR_bare_metal/lesson_01/main.c.o
 .debug_ranges  0x0000000000000010       0x20 CMakeFiles/My_Project_default_default_AVR_GCC_compile.dir/home/irfan/develop/AVR_bare_metal/lesson_07/main.c.o
 .debug_ranges  0x0000000000000030       0x18 CMakeFiles/My_Project_default_default_AVR_GCC_compile.dir/home/irfan/develop/AVR_bare_metal/lesson_08/main.c.o
 .debug_ranges  0x0000000000000048       0x38 CMakeFiles/My_Project_default_default_AVR_GCC_compile.dir/home/irfan/develop/AVR_bare_metal/lesson_09/main.c.o
 .debug_ranges  0x0000000000000080       0x18 CMakeFiles/My_Project_default_default_AVR_GCC_compile.dir/home/irfan/develop/AVR_bare_metal/lesson_10/main.c.o
 .debug_ranges  0x0000000000000098       0x18 CMakeFiles/My_Project_default_default_AVR_GCC_compile.dir/home/irfan/develop/AVR_bare_metal/lesson_12/main.c.o
 .debug_ranges  0x00000000000000b0       0x18 CMakeFiles/My_Project_default_default_AVR_GCC_compile.dir/home/irfan/develop/AVR_bare_metal/lesson_13/main.c.o

.debug_macro
 *(.debug_macro)
OUTPUT(/home/irfan/develop/AVR_bare_metal/out/My_Project/default.elf elf32-avr)
LOAD linker stubs
